<30>1 2024-05-14T12:00:10.854060Z PROXY-BO-01 snapd 38085 - - stateengine.go:150: state ensure starting change 1415
<30>1 2024-05-14T12:00:12.412364Z PROXY-BO-01 irqbalance 36974 - - IRQ 86 affinity hint keeps vector on CPU 2 (mlx5_comp1)
<86>1 2024-05-14T12:00:32.384162Z PROXY-BO-01 sshd 1301200 - - pam_unix(sshd:session): session closed for user nina.kapoor
<86>1 2024-05-14T12:00:33.048886Z PROXY-BO-01 systemd-logind 38077 - - Removed session 80479.
<30>1 2024-05-14T12:00:48.361927Z PROXY-BO-01 systemd-resolved 38089 - - Grace period over, resuming full feature set (UDP+EDNS0) for DNS server 10.44.20.10.
<78>1 2024-05-14T12:01:00.047000Z PROXY-BO-01 CRON 1304613 - - (sysstat) CMD (command -v debian-sa1 > /dev/null && debian-sa1 1 1)
<30>1 2024-05-14T12:01:11.909196Z PROXY-BO-01 polkitd 22038 - - Operator of unix-process:1304637:60487151 successfully authenticated as unix-user:deploy to gain TEMPORARY authorization for action org.freedesktop.packagekit.system-update for system-bus-name::1.115 [/usr/bin/pkcon] (owned by unix-user:root)
<30>1 2024-05-14T12:01:47.353446Z PROXY-BO-01 snapd 38085 - - autorefresh.go:540: auto-refresh for microk8s: no updates found
<30>1 2024-05-14T12:03:18.564641Z PROXY-BO-01 rsyslogd 38070 - - omfwd: target 10.10.2.30 using disk-assisted queue main, checkpoint 31546
<85>1 2024-05-14T12:03:20.655928Z PROXY-BO-01 sudo 1305072 - - ops : TTY=pts/5 ; PWD=/home/ops ; USER=root ; COMMAND=/usr/sbin/service squid status
<86>1 2024-05-14T12:03:20.802928Z PROXY-BO-01 sudo 1305072 - - pam_unix(sudo:session): session opened for user root(uid=0) by ops(uid=6366)
<86>1 2024-05-14T12:03:36.172941Z PROXY-BO-01 sudo 1305072 - - pam_unix(sudo:session): session closed for user root
<30>1 2024-05-14T12:04:59.122456Z PROXY-BO-01 rsyslogd 38070 - - main Q: queue fwdRule1 has 0 messages pending, worker threads 1
<30>1 2024-05-14T12:05:00.968044Z PROXY-BO-01 irqbalance 36974 - - Skipping IRQ 24: banned by affinity mask 00000008 (ens160)
<30>1 2024-05-14T12:07:30.845501Z PROXY-BO-01 rsyslogd 38070 - - main Q: queue local-spool has 573 messages pending, worker threads 1
<30>1 2024-05-14T12:08:01.013642Z PROXY-BO-01 irqbalance 36974 - - IRQ 24 classified for CPU 1 balancing on ens160
<30>1 2024-05-14T12:09:18.438299Z PROXY-BO-01 unattended-upgr 41475 - - dpkg --status-fd: processing triggers for man-db (base-files)
<85>1 2024-05-14T12:10:05.676687Z PROXY-BO-01 sudo 1306400 - - nginx : command not allowed ; TTY=unknown ; USER=root ; COMMAND=/bin/ls /root
<30>1 2024-05-14T12:10:07.269080Z PROXY-BO-01 dbus-daemon 38075 - - [system] Activating via systemd: service name='org.freedesktop.login1' unit='dbus-org.freedesktop.login1.service' requested by ':1.116'
<30>1 2024-05-14T12:10:42.730184Z PROXY-BO-01 systemd-resolved 38089 - - Using degraded feature set TCP instead of UDP+EDNS0 for DNS server 10.44.20.10.
<30>1 2024-05-14T12:11:07.453432Z PROXY-BO-01 snapd 38085 - - daemon.go:460: gracefully waiting for hook microk8s.configure
<30>1 2024-05-14T12:12:23.557852Z PROXY-BO-01 systemd-resolved 38089 - - Grace period over, resuming full feature set (UDP+EDNS0) for DNS server 10.44.20.10.
<30>1 2024-05-14T12:12:29.083902Z PROXY-BO-01 systemd-resolved 38089 - - Using degraded feature set TCP instead of UDP+EDNS0 for DNS server 10.44.20.10.
<30>1 2024-05-14T12:14:03.193407Z PROXY-BO-01 unattended-upgr 41475 - - Checking for unattended upgrades from o=Ubuntu,a=jammy-security
<30>1 2024-05-14T12:14:51.684867Z PROXY-BO-01 rsyslogd 38070 - - omfwd: target logrelay01 using disk-assisted queue main, checkpoint 32624
<30>1 2024-05-14T12:14:58.529002Z PROXY-BO-01 polkitd 22038 - - Operator of unix-process:1307355:60569797 successfully authenticated as unix-user:admin to gain TEMPORARY authorization for action org.freedesktop.packagekit.system-update for system-bus-name::1.117 [/usr/bin/pkcon] (owned by unix-user:admin)
<30>1 2024-05-14T12:15:02.560066Z PROXY-BO-01 snapd 38085 - - daemon.go:460: gracefully waiting for hook snapd-desktop-integration.configure
<30>1 2024-05-14T12:15:24.089896Z PROXY-BO-01 dbus-daemon 38075 - - [system] Activating via systemd: service name='org.freedesktop.login1' unit='dbus-org.freedesktop.login1.service' requested by ':1.120'
<30>1 2024-05-14T12:15:27.694495Z PROXY-BO-01 snapd 38085 - - autorefresh.go:540: auto-refresh for core20: no updates found
<30>1 2024-05-14T12:15:29.015419Z PROXY-BO-01 rsyslogd 38070 - - main Q: queue fwdRule1 has 284 messages pending, worker threads 1
<30>1 2024-05-14T12:16:31.325913Z PROXY-BO-01 snapd 38085 - - daemon.go:460: gracefully waiting for hook core22.configure
<30>1 2024-05-14T12:17:01.622917Z PROXY-BO-01 dbus-daemon 38075 - - [system] Successfully activated service 'org.freedesktop.resolve1' for ':1.122'
<30>1 2024-05-14T12:17:08.553928Z PROXY-BO-01 unattended-upgr 41475 - - No packages found that can be upgraded unattended (run 655973)
<30>1 2024-05-14T12:19:07.116979Z PROXY-BO-01 irqbalance 36974 - - NUMA node 0: balancing pass complete, 2 IRQs moved
<30>1 2024-05-14T12:19:58.624924Z PROXY-BO-01 irqbalance 36974 - - IRQ 64 affinity hint keeps vector on CPU 3 (mlx5_comp0)
<30>1 2024-05-14T12:20:16.767867Z PROXY-BO-01 polkitd 22038 - - Operator of unix-process:1308247:60601301 successfully authenticated as unix-user:deploy to gain TEMPORARY authorization for action org.freedesktop.packagekit.system-update for system-bus-name::1.124 [/usr/bin/pkcon] (owned by unix-user:admin)
<30>1 2024-05-14T12:20:19.689576Z PROXY-BO-01 rsyslogd 38070 - - main Q: queue main has 0 messages pending, worker threads 1
<30>1 2024-05-14T12:20:23.429656Z PROXY-BO-01 rsyslogd 38070 - - omfwd: target siem-forwarder using disk-assisted queue fwdRule1, checkpoint 33784
<86>1 2024-05-14T12:20:25.957300Z PROXY-BO-01 login 1308299 - - pam_unix(login:session): session opened for user deploy(uid=1002) by LOGIN(uid=0)
<86>1 2024-05-14T12:20:33.586300Z PROXY-BO-01 systemd-logind 38077 - - New session 80871 of user deploy.
<30>1 2024-05-14T12:21:13Z PROXY-BO-01 anacron 25448 - - Anacron 2.3 started on 2024-05-14
<30>1 2024-05-14T12:21:14.325261Z PROXY-BO-01 anacron 25448 - - Will run job `logrotate' in 2 min.
<30>1 2024-05-14T12:22:29.720522Z PROXY-BO-01 irqbalance 36974 - - NUMA node 0: balancing pass complete, 2 IRQs moved
<85>1 2024-05-14T12:23:14.652300Z PROXY-BO-01 sudo 1308785 - - deploy : TTY=pts/14 ; PWD=/home/admin ; USER=root ; COMMAND=/usr/bin/lsblk
<86>1 2024-05-14T12:23:14.885300Z PROXY-BO-01 sudo 1308785 - - pam_unix(sudo:session): session opened for user root(uid=0) by deploy(uid=1002)
<30>1 2024-05-14T12:23:16.549983Z PROXY-BO-01 anacron 25448 - - Job `logrotate' started
<86>1 2024-05-14T12:23:17.816921Z PROXY-BO-01 sudo 1308785 - - pam_unix(sudo:session): session closed for user root
<30>1 2024-05-14T12:23:19.351603Z PROXY-BO-01 unattended-upgr 41475 - - dpkg --status-fd: processing triggers for man-db (libc6)
<30>1 2024-05-14T12:25:34.278829Z PROXY-BO-01 anacron 25448 - - Job `logrotate' terminated
<30>1 2024-05-14T12:25:35.543196Z PROXY-BO-01 anacron 25448 - - Normal exit (1 job run)
<30>1 2024-05-14T12:27:07.720420Z PROXY-BO-01 dbus-daemon 38075 - - [system] Activating via systemd: service name='org.freedesktop.timedate1' unit='dbus-org.freedesktop.timedate1.service' requested by ':1.125'
<86>1 2024-05-14T12:28:40.505326Z PROXY-BO-01 login 1309684 - - pam_unix(login:session): session opened for user ubuntu(uid=1000) by LOGIN(uid=0)
<86>1 2024-05-14T12:28:46.032326Z PROXY-BO-01 systemd-logind 38077 - - New session 80936 of user ubuntu.
<86>1 2024-05-14T12:29:25.497402Z PROXY-BO-01 login 1309774 - - pam_unix(login:session): session opened for user deploy(uid=1002) by LOGIN(uid=0)
<86>1 2024-05-14T12:29:31.849402Z PROXY-BO-01 systemd-logind 38077 - - New session 80943 of user deploy.
<86>1 2024-05-14T12:29:50.604312Z PROXY-BO-01 login 1309818 - - pam_unix(login:session): session opened for user ubuntu(uid=1000) by LOGIN(uid=0)
<86>1 2024-05-14T12:29:54.470312Z PROXY-BO-01 systemd-logind 38077 - - New session 80945 of user ubuntu.
<30>1 2024-05-14T12:30:07.990964Z PROXY-BO-01 snapd 38085 - - taskrunner.go:271: change 1411 task 4 done for lxd
<30>1 2024-05-14T12:30:09.200998Z PROXY-BO-01 rsyslogd 38070 - - omfwd: target siem-forwarder using disk-assisted queue action-remote, checkpoint 33889
<30>1 2024-05-14T12:30:22.734398Z PROXY-BO-01 rsyslogd 38070 - - omfwd: target siem-forwarder using disk-assisted queue local-spool, checkpoint 33993
<30>1 2024-05-14T12:30:36.482677Z PROXY-BO-01 irqbalance 36974 - - NUMA node 1: balancing pass complete, 1 IRQs moved
<78>1 2024-05-14T12:31:00.013000Z PROXY-BO-01 CRON 1309931 - - (sysstat) CMD (command -v debian-sa1 > /dev/null && debian-sa1 1 1)
<85>1 2024-05-14T12:31:31.936402Z PROXY-BO-01 sudo 1310021 - - deploy : TTY=pts/15 ; PWD=/var/log ; USER=root ; COMMAND=/usr/sbin/ss -s
<86>1 2024-05-14T12:31:32.134402Z PROXY-BO-01 sudo 1310021 - - pam_unix(sudo:session): session opened for user root(uid=0) by deploy(uid=1002)
<86>1 2024-05-14T12:31:33.268205Z PROXY-BO-01 sudo 1310021 - - pam_unix(sudo:session): session closed for user root
<85>1 2024-05-14T12:32:10.569312Z PROXY-BO-01 sudo 1310133 - - ubuntu : TTY=pts/16 ; PWD=/home/deploy ; USER=root ; COMMAND=/bin/systemctl status squid
<86>1 2024-05-14T12:32:10.756312Z PROXY-BO-01 sudo 1310133 - - pam_unix(sudo:session): session opened for user root(uid=0) by ubuntu(uid=1000)
<86>1 2024-05-14T12:32:13.598422Z PROXY-BO-01 sudo 1310133 - - pam_unix(sudo:session): session closed for user root
<30>1 2024-05-14T12:33:28.563746Z PROXY-BO-01 snapd 38085 - - taskrunner.go:271: change 1412 task 9 done for core20
<30>1 2024-05-14T12:34:00.443398Z PROXY-BO-01 systemd 1 - - Starting motd-news.service - Message of the Day.
<30>1 2024-05-14T12:34:05.426634Z PROXY-BO-01 systemd 1 - - Finished motd-news.service - Message of the Day.
<30>1 2024-05-14T12:37:41.343211Z PROXY-BO-01 irqbalance 36974 - - NUMA node 0: balancing pass complete, 2 IRQs moved
<85>1 2024-05-14T12:38:14.131326Z PROXY-BO-01 sudo 1311268 - - ubuntu : TTY=pts/17 ; PWD=/home/admin ; USER=root ; COMMAND=/usr/bin/systemd-analyze blame
<86>1 2024-05-14T12:38:14.361326Z PROXY-BO-01 sudo 1311268 - - pam_unix(sudo:session): session opened for user root(uid=0) by ubuntu(uid=1000)
<86>1 2024-05-14T12:38:18.943363Z PROXY-BO-01 sudo 1311268 - - pam_unix(sudo:session): session closed for user root
<30>1 2024-05-14T12:41:05.666838Z PROXY-BO-01 snapd 38085 - - stateengine.go:150: state ensure starting change 1416
<85>1 2024-05-14T12:41:45.674729Z PROXY-BO-01 sudo 1311649 - - ops : TTY=pts/9 ; PWD=/home/ops ; USER=root ; COMMAND=/usr/bin/needrestart -b
<86>1 2024-05-14T12:41:45.864729Z PROXY-BO-01 sudo 1311649 - - pam_unix(sudo:session): session opened for user root(uid=0) by ops(uid=6366)
<86>1 2024-05-14T12:42:00.101721Z PROXY-BO-01 sudo 1311649 - - pam_unix(sudo:session): session closed for user root
<30>1 2024-05-14T12:43:13.369320Z PROXY-BO-01 dbus-daemon 38075 - - [system] Activating via systemd: service name='org.freedesktop.timedate1' unit='dbus-org.freedesktop.timedate1.service' requested by ':1.128'
<30>1 2024-05-14T12:43:37.146943Z PROXY-BO-01 irqbalance 36974 - - NUMA node 1: balancing pass complete, 0 IRQs moved
<86>1 2024-05-14T12:46:25.116907Z PROXY-BO-01 login 1312324 - - pam_unix(login:session): session opened for user svc_app(uid=2214) by LOGIN(uid=0)
<86>1 2024-05-14T12:46:28.580907Z PROXY-BO-01 systemd-logind 38077 - - New session 81079 of user svc_app.
<85>1 2024-05-14T12:47:58.660907Z PROXY-BO-01 sudo 1312582 - - svc_app : TTY=pts/18 ; PWD=/home/deploy ; USER=root ; COMMAND=/usr/bin/apt list --upgradable
<86>1 2024-05-14T12:47:58.888907Z PROXY-BO-01 sudo 1312582 - - pam_unix(sudo:session): session opened for user root(uid=0) by svc_app(uid=2214)
<86>1 2024-05-14T12:48:12.115219Z PROXY-BO-01 sudo 1312582 - - pam_unix(sudo:session): session closed for user root
<85>1 2024-05-14T12:48:57.289035Z PROXY-BO-01 sudo 1312735 - - backup : TTY=pts/10 ; PWD=/home/admin ; USER=root ; COMMAND=/usr/bin/free -m
<86>1 2024-05-14T12:48:57.478035Z PROXY-BO-01 sudo 1312735 - - pam_unix(sudo:session): session opened for user root(uid=0) by backup(uid=3037)
<86>1 2024-05-14T12:48:59.683319Z PROXY-BO-01 sudo 1312735 - - pam_unix(sudo:session): session closed for user root
<30>1 2024-05-14T12:49:47.187359Z PROXY-BO-01 irqbalance 36974 - - NUMA node 1: balancing pass complete, 1 IRQs moved
<30>1 2024-05-14T12:50:35.997903Z PROXY-BO-01 rsyslogd 38070 - - omfwd: target siem-forwarder using disk-assisted queue fwdRule1, checkpoint 34677
<30>1 2024-05-14T12:50:40.151969Z PROXY-BO-01 irqbalance 36974 - - IRQ 122 classified for CPU 1 balancing on nvme0q2
<30>1 2024-05-14T12:51:57.058078Z PROXY-BO-01 dbus-daemon 38075 - - [system] Activating via systemd: service name='org.freedesktop.timedate1' unit='dbus-org.freedesktop.timedate1.service' requested by ':1.131'
<30>1 2024-05-14T12:52:15.563981Z PROXY-BO-01 dbus-daemon 38075 - - [system] Activating via systemd: service name='org.freedesktop.timedate1' unit='dbus-org.freedesktop.timedate1.service' requested by ':1.132'
<86>1 2024-05-14T12:53:20.198617Z PROXY-BO-01 sshd 1313908 - - Connection from 10.44.10.24 port 57880 on 10.44.20.30 port 22
<86>1 2024-05-14T12:53:21.928879Z PROXY-BO-01 sshd 1313908 - - Accepted password for nina.kapoor from 10.44.10.24 port 57880 ssh2
<86>1 2024-05-14T12:53:22.103073Z PROXY-BO-01 sshd 1313908 - - pam_unix(sshd:session): session opened for user nina.kapoor(uid=4614) by (uid=0)
<86>1 2024-05-14T12:53:22.679234Z PROXY-BO-01 systemd-logind 38077 - - New session 81134 of user nina.kapoor.
<30>1 2024-05-14T12:54:03.104956Z PROXY-BO-01 dbus-daemon 38075 - - [system] Successfully activated service 'org.freedesktop.resolve1' for ':1.133'
<30>1 2024-05-14T12:58:08.327964Z PROXY-BO-01 irqbalance 36974 - - IRQ 32 classified for CPU 2 balancing on nvme0q1
<30>1 2024-05-14T13:00:52.252109Z PROXY-BO-01 snapd 38085 - - daemon.go:460: gracefully waiting for hook core22.configure
<78>1 2024-05-14T13:01:00.118000Z PROXY-BO-01 CRON 1315305 - - (sysstat) CMD (command -v debian-sa1 > /dev/null && debian-sa1 1 1)
<30>1 2024-05-14T13:03:19.903764Z PROXY-BO-01 systemd-journald 38067 - - System Journal (/var/log/journal/8c80f5f6882960487c037202e4e68189) is 502.5M, max 2048M, 1545.5M free.
<30>1 2024-05-14T13:07:04.933607Z PROXY-BO-01 snapd 38085 - - snapmgr.go:523: refresh candidates checked for core22
<30>1 2024-05-14T13:07:33.888975Z PROXY-BO-01 snapd 38085 - - stateengine.go:150: state ensure starting change 1417
<30>1 2024-05-14T13:08:32.612334Z PROXY-BO-01 snapd 38085 - - taskrunner.go:271: change 1413 task 2 done for core20
<30>1 2024-05-14T13:09:52.253926Z PROXY-BO-01 snapd 38085 - - stateengine.go:150: state ensure starting change 1418
<30>1 2024-05-14T13:10:12.546292Z PROXY-BO-01 irqbalance 36974 - - IRQ 32 affinity hint keeps vector on CPU 2 (nvme0q1)
<86>1 2024-05-14T13:12:04.117026Z PROXY-BO-01 sshd 1313908 - - pam_unix(sshd:session): session closed for user nina.kapoor
<86>1 2024-05-14T13:12:04.384810Z PROXY-BO-01 systemd-logind 38077 - - Removed session 81134.
<30>1 2024-05-14T13:12:09.039864Z PROXY-BO-01 snapd 38085 - - snapmgr.go:523: refresh candidates checked for core22
<30>1 2024-05-14T13:12:11.696927Z PROXY-BO-01 snapd 38085 - - autorefresh.go:540: auto-refresh for core22: no updates found
<30>1 2024-05-14T13:14:59.413326Z PROXY-BO-01 irqbalance 36974 - - IRQ 154 affinity hint keeps vector on CPU 2 (virtio1-input)
<30>1 2024-05-14T13:15:24.269641Z PROXY-BO-01 irqbalance 36974 - - Skipping IRQ 154: banned by affinity mask 00000004 (virtio1-input)
<30>1 2024-05-14T13:16:14.714296Z PROXY-BO-01 snapd 38085 - - daemon.go:460: gracefully waiting for hook core22.configure
<30>1 2024-05-14T13:16:24.212459Z PROXY-BO-01 snapd 38085 - - autorefresh.go:540: auto-refresh for core20: no updates found
<30>1 2024-05-14T13:22:45.689113Z PROXY-BO-01 snapd 38085 - - taskrunner.go:271: change 1414 task 3 done for lxd
<30>1 2024-05-14T13:23:10.429544Z PROXY-BO-01 irqbalance 36974 - - Skipping IRQ 45: banned by affinity mask 00000001 (virtio0-input)
<30>1 2024-05-14T13:27:15.005826Z PROXY-BO-01 snapd 38085 - - taskrunner.go:271: change 1415 task 1 done for core20
<86>1 2024-05-14T13:29:20.192835Z PROXY-BO-01 sshd 1317623 - - Connection from 10.44.30.10 port 58572 on 10.44.20.30 port 22
<84>1 2024-05-14T13:29:20.905835Z PROXY-BO-01 sshd 1317623 - - Failed password for carla.nunez from 10.44.30.10 port 58572 ssh2
<86>1 2024-05-14T13:29:21.581095Z PROXY-BO-01 sshd 1317623 - - Connection closed by authenticating user carla.nunez 10.44.30.10 port 58572 [preauth]
<30>1 2024-05-14T13:30:06.442210Z PROXY-BO-01 snapd 38085 - - taskrunner.go:271: change 1416 task 9 done for core22
<30>1 2024-05-14T13:30:35.830733Z PROXY-BO-01 snapd 38085 - - taskrunner.go:271: change 1417 task 2 done for microk8s
<78>1 2024-05-14T13:31:00.109000Z PROXY-BO-01 CRON 1317783 - - (sysstat) CMD (command -v debian-sa1 > /dev/null && debian-sa1 1 1)
<30>1 2024-05-14T13:36:29.958326Z PROXY-BO-01 snapd 38085 - - autorefresh.go:540: auto-refresh for core22: no updates found
<30>1 2024-05-14T13:37:37.325113Z PROXY-BO-01 snapd 38085 - - autorefresh.go:540: auto-refresh for microk8s: no updates found
<30>1 2024-05-14T13:37:42.440386Z PROXY-BO-01 irqbalance 36974 - - NUMA node 0: balancing pass complete, 0 IRQs moved
<86>1 2024-05-14T13:40:24.900679Z PROXY-BO-01 sshd 1318462 - - Connection from 10.44.10.24 port 64312 on 10.44.20.30 port 22
<86>1 2024-05-14T13:40:28.160907Z PROXY-BO-01 sshd 1318462 - - Accepted password for nina.kapoor from 10.44.10.24 port 64312 ssh2
<86>1 2024-05-14T13:40:28.340150Z PROXY-BO-01 sshd 1318462 - - pam_unix(sshd:session): session opened for user nina.kapoor(uid=4614) by (uid=0)
<86>1 2024-05-14T13:40:29.028337Z PROXY-BO-01 systemd-logind 38077 - - New session 81510 of user nina.kapoor.
<30>1 2024-05-14T13:41:37.582200Z PROXY-BO-01 snapd 38085 - - stateengine.go:150: state ensure starting change 1419
<30>1 2024-05-14T13:43:17.096403Z PROXY-BO-01 irqbalance 36974 - - Skipping IRQ 137: banned by affinity mask 00000008 (ens192)
<30>1 2024-05-14T13:46:34.860917Z PROXY-BO-01 irqbalance 36974 - - IRQ 16 affinity hint keeps vector on CPU 0 (ahci)
<30>1 2024-05-14T13:49:53.278716Z PROXY-BO-01 irqbalance 36974 - - Skipping IRQ 45: banned by affinity mask 00000008 (virtio0-input)
<30>1 2024-05-14T13:51:00.503720Z PROXY-BO-01 snapd 38085 - - taskrunner.go:271: change 1418 task 2 done for core20
<86>1 2024-05-14T14:00:18.815977Z PROXY-BO-01 login 1320678 - - pam_unix(login:session): session opened for user root(uid=0) by LOGIN(uid=0)
<86>1 2024-05-14T14:00:24.336977Z PROXY-BO-01 systemd-logind 38077 - - New session 81671 of user root.
<78>1 2024-05-14T14:01:00.041000Z PROXY-BO-01 CRON 1321115 - - (sysstat) CMD (command -v debian-sa1 > /dev/null && debian-sa1 1 1)
<86>1 2024-05-14T14:02:31.335739Z PROXY-BO-01 sshd 1318462 - - pam_unix(sshd:session): session closed for user nina.kapoor
<86>1 2024-05-14T14:02:31.766594Z PROXY-BO-01 systemd-logind 38077 - - Removed session 81510.
<30>1 2024-05-14T14:05:04.160377Z PROXY-BO-01 irqbalance 36974 - - NUMA node 1: balancing pass complete, 1 IRQs moved
<30>1 2024-05-14T14:13:20.641201Z PROXY-BO-01 irqbalance 36974 - - IRQ 122 affinity hint keeps vector on CPU 1 (nvme0q2)
<30>1 2024-05-14T14:14:16.531051Z PROXY-BO-01 snapd 38085 - - snapmgr.go:523: refresh candidates checked for core22
<30>1 2024-05-14T14:14:18.825364Z PROXY-BO-01 irqbalance 36974 - - IRQ 154 classified for CPU 2 balancing on virtio1-input
<30>1 2024-05-14T14:19:52.840721Z PROXY-BO-01 snapd 38085 - - stateengine.go:150: state ensure starting change 1420
<30>1 2024-05-14T14:22:47.703340Z PROXY-BO-01 snapd 38085 - - stateengine.go:150: state ensure starting change 1421
<30>1 2024-05-14T14:25:12.765926Z PROXY-BO-01 irqbalance 36974 - - Skipping IRQ 24: banned by affinity mask 00000001 (ens160)
<30>1 2024-05-14T14:29:18.728081Z PROXY-BO-01 irqbalance 36974 - - IRQ 137 classified for CPU 3 balancing on ens192
<78>1 2024-05-14T14:31:00.072000Z PROXY-BO-01 CRON 1329693 - - (sysstat) CMD (command -v debian-sa1 > /dev/null && debian-sa1 1 1)
<30>1 2024-05-14T14:33:18.002229Z PROXY-BO-01 irqbalance 36974 - - IRQ 122 classified for CPU 1 balancing on nvme0q2
<30>1 2024-05-14T14:39:39.839892Z PROXY-BO-01 irqbalance 36974 - - IRQ 16 affinity hint keeps vector on CPU 0 (ahci)
<30>1 2024-05-14T14:45:56.172113Z PROXY-BO-01 snapd 38085 - - stateengine.go:150: state ensure starting change 1422
<30>1 2024-05-14T14:51:11.008528Z PROXY-BO-01 snapd 38085 - - taskrunner.go:271: change 1419 task 7 done for core22
<30>1 2024-05-14T14:51:11.498306Z PROXY-BO-01 irqbalance 36974 - - NUMA node 0: balancing pass complete, 2 IRQs moved
<86>1 2024-05-14T14:52:25.626977Z PROXY-BO-01 login 1320678 - - pam_unix(login:session): session closed for user root
<86>1 2024-05-14T14:52:29.336977Z PROXY-BO-01 systemd-logind 38077 - - Removed session 81671.
<30>1 2024-05-14T14:53:19.398224Z PROXY-BO-01 snapd 38085 - - stateengine.go:150: state ensure starting change 1423
<30>1 2024-05-14T14:54:48.195321Z PROXY-BO-01 irqbalance 36974 - - NUMA node 0: balancing pass complete, 2 IRQs moved
<30>1 2024-05-14T14:56:28.561182Z PROXY-BO-01 snapd 38085 - - stateengine.go:150: state ensure starting change 1424
<30>1 2024-05-14T14:56:53.005319Z PROXY-BO-01 irqbalance 36974 - - NUMA node 0: balancing pass complete, 1 IRQs moved
<78>1 2024-05-14T15:01:00.046000Z PROXY-BO-01 CRON 1336569 - - (sysstat) CMD (command -v debian-sa1 > /dev/null && debian-sa1 1 1)
<30>1 2024-05-14T15:01:42.203047Z PROXY-BO-01 snapd 38085 - - daemon.go:460: gracefully waiting for hook lxd.configure
<30>1 2024-05-14T15:04:25.046871Z PROXY-BO-01 snapd 38085 - - taskrunner.go:271: change 1420 task 3 done for microk8s
<86>1 2024-05-14T15:06:15.369394Z PROXY-BO-01 sshd 1336820 - - Connection from 10.44.10.24 port 63690 on 10.44.20.30 port 22
<86>1 2024-05-14T15:06:17.613593Z PROXY-BO-01 sshd 1336820 - - Accepted password for nina.kapoor from 10.44.10.24 port 63690 ssh2
<86>1 2024-05-14T15:06:17.708825Z PROXY-BO-01 sshd 1336820 - - pam_unix(sshd:session): session opened for user nina.kapoor(uid=4614) by (uid=0)
<86>1 2024-05-14T15:06:18.170014Z PROXY-BO-01 systemd-logind 38077 - - New session 82197 of user nina.kapoor.
<30>1 2024-05-14T15:08:46.926724Z PROXY-BO-01 snapd 38085 - - stateengine.go:150: state ensure starting change 1425
<30>1 2024-05-14T15:09:27.050641Z PROXY-BO-01 snapd 38085 - - daemon.go:460: gracefully waiting for hook microk8s.configure
<30>1 2024-05-14T15:10:31.093635Z PROXY-BO-01 irqbalance 36974 - - IRQ 64 classified for CPU 3 balancing on mlx5_comp0
<30>1 2024-05-14T15:10:32.883902Z PROXY-BO-01 snapd 38085 - - stateengine.go:150: state ensure starting change 1426
<30>1 2024-05-14T15:10:52.960733Z PROXY-BO-01 snapd 38085 - - daemon.go:460: gracefully waiting for hook microk8s.configure
<30>1 2024-05-14T15:14:06.976143Z PROXY-BO-01 snapd 38085 - - daemon.go:460: gracefully waiting for hook lxd.configure
<30>1 2024-05-14T15:14:40.312403Z PROXY-BO-01 snapd 38085 - - stateengine.go:150: state ensure starting change 1427
<30>1 2024-05-14T15:25:32.517243Z PROXY-BO-01 irqbalance 36974 - - Skipping IRQ 24: banned by affinity mask 00000004 (ens160)
<30>1 2024-05-14T15:26:13.181454Z PROXY-BO-01 irqbalance 36974 - - IRQ 24 affinity hint keeps vector on CPU 1 (ens160)
<78>1 2024-05-14T15:31:00.034000Z PROXY-BO-01 CRON 1338009 - - (sysstat) CMD (command -v debian-sa1 > /dev/null && debian-sa1 1 1)
<30>1 2024-05-14T15:32:00.514993Z PROXY-BO-01 irqbalance 36974 - - IRQ 181 classified for CPU 0 balancing on mlx5_comp2
<30>1 2024-05-14T15:33:15.252020Z PROXY-BO-01 irqbalance 36974 - - IRQ 64 classified for CPU 3 balancing on mlx5_comp0
<30>1 2024-05-14T15:35:37.584051Z PROXY-BO-01 irqbalance 36974 - - IRQ 45 classified for CPU 0 balancing on virtio0-input
<30>1 2024-05-14T15:39:12.163318Z PROXY-BO-01 irqbalance 36974 - - NUMA node 1: balancing pass complete, 2 IRQs moved
<30>1 2024-05-14T15:40:47.712215Z PROXY-BO-01 snapd 38085 - - autorefresh.go:540: auto-refresh for lxd: no updates found
<30>1 2024-05-14T15:44:19.919589Z PROXY-BO-01 irqbalance 36974 - - Skipping IRQ 45: banned by affinity mask 00000004 (virtio0-input)
<86>1 2024-05-14T15:52:33.474136Z PROXY-BO-01 sshd 1339042 - - Connection from 10.44.30.10 port 47060 on 10.44.20.30 port 22
<85>1 2024-05-14T15:52:33.624136Z PROXY-BO-01 sshd 1339042 - - Invalid user unknown from 10.44.30.10 port 47060
<84>1 2024-05-14T15:52:33.813136Z PROXY-BO-01 sshd 1339042 - - Failed password for invalid user unknown from 10.44.30.10 port 47060 ssh2
<86>1 2024-05-14T15:52:47.866136Z PROXY-BO-01 sshd 1339042 - - Connection closed by invalid user unknown 10.44.30.10 port 47060 [preauth]
<86>1 2024-05-14T16:00:46.807216Z PROXY-BO-01 sshd 1336820 - - pam_unix(sshd:session): session closed for user nina.kapoor
<86>1 2024-05-14T16:00:47.212965Z PROXY-BO-01 systemd-logind 38077 - - Removed session 82197.
<78>1 2024-05-14T16:01:00.043000Z PROXY-BO-01 CRON 1339450 - - (sysstat) CMD (command -v debian-sa1 > /dev/null && debian-sa1 1 1)
<30>1 2024-05-14T16:01:00.680715Z PROXY-BO-01 snapd 38085 - - snapmgr.go:523: refresh candidates checked for core20
<30>1 2024-05-14T16:01:57.258064Z PROXY-BO-01 snapd 38085 - - snapmgr.go:523: refresh candidates checked for microk8s
<30>1 2024-05-14T16:08:15.447130Z PROXY-BO-01 irqbalance 36974 - - IRQ 181 affinity hint keeps vector on CPU 0 (mlx5_comp2)
<30>1 2024-05-14T16:09:25.370733Z PROXY-BO-01 irqbalance 36974 - - IRQ 45 classified for CPU 0 balancing on virtio0-input
<30>1 2024-05-14T16:09:49.532436Z PROXY-BO-01 irqbalance 36974 - - NUMA node 1: balancing pass complete, 1 IRQs moved
<30>1 2024-05-14T16:11:44.667702Z PROXY-BO-01 snapd 38085 - - taskrunner.go:271: change 1421 task 6 done for microk8s
<30>1 2024-05-14T16:13:46.721368Z PROXY-BO-01 snapd 38085 - - taskrunner.go:271: change 1422 task 3 done for lxd
<30>1 2024-05-14T16:15:01.918408Z PROXY-BO-01 snapd 38085 - - snapmgr.go:523: refresh candidates checked for snapd-desktop-integration
<30>1 2024-05-14T16:16:37.021568Z PROXY-BO-01 snapd 38085 - - daemon.go:460: gracefully waiting for hook core20.configure
<30>1 2024-05-14T16:18:54.989784Z PROXY-BO-01 irqbalance 36974 - - IRQ 32 affinity hint keeps vector on CPU 2 (nvme0q1)
<30>1 2024-05-14T16:19:31.104533Z PROXY-BO-01 snapd 38085 - - stateengine.go:150: state ensure starting change 1428
<30>1 2024-05-14T16:21:57.115892Z PROXY-BO-01 systemd 1 - - Starting apt-daily.service - Daily apt download activities.
<30>1 2024-05-14T16:21:59.727208Z PROXY-BO-01 systemd 1 - - apt-daily.service: Deactivated successfully.
<86>1 2024-05-14T16:26:03.135015Z PROXY-BO-01 sshd 1341386 - - Connection from 10.44.30.10 port 36045 on 10.44.20.30 port 22
<84>1 2024-05-14T16:26:03.435015Z PROXY-BO-01 sshd 1341386 - - Failed password for svc-print-old from 10.44.30.10 port 36045 ssh2
<86>1 2024-05-14T16:26:06.264385Z PROXY-BO-01 sshd 1341386 - - Connection closed by authenticating user svc-print-old 10.44.30.10 port 36045 [preauth]
<30>1 2024-05-14T16:27:08.142405Z PROXY-BO-01 snapd 38085 - - stateengine.go:150: state ensure starting change 1429
<86>1 2024-05-14T16:29:43.216790Z PROXY-BO-01 sshd 1341811 - - Connection from 10.44.10.24 port 52077 on 10.44.20.30 port 22
<86>1 2024-05-14T16:29:45.957021Z PROXY-BO-01 sshd 1341811 - - Accepted password for nina.kapoor from 10.44.10.24 port 52077 ssh2
<86>1 2024-05-14T16:29:46.007204Z PROXY-BO-01 sshd 1341811 - - pam_unix(sshd:session): session opened for user nina.kapoor(uid=4614) by (uid=0)
<86>1 2024-05-14T16:29:46.722391Z PROXY-BO-01 systemd-logind 38077 - - New session 82865 of user nina.kapoor.
<78>1 2024-05-14T16:31:00.099000Z PROXY-BO-01 CRON 1341970 - - (sysstat) CMD (command -v debian-sa1 > /dev/null && debian-sa1 1 1)
<30>1 2024-05-14T16:35:26.800004Z PROXY-BO-01 irqbalance 36974 - - NUMA node 1: balancing pass complete, 2 IRQs moved
<30>1 2024-05-14T16:35:42.335211Z PROXY-BO-01 irqbalance 36974 - - Skipping IRQ 154: banned by affinity mask 00000008 (virtio1-input)
<30>1 2024-05-14T16:40:16.011398Z PROXY-BO-01 irqbalance 36974 - - IRQ 24 classified for CPU 1 balancing on ens160
<30>1 2024-05-14T16:50:06.863282Z PROXY-BO-01 irqbalance 36974 - - NUMA node 1: balancing pass complete, 0 IRQs moved
<30>1 2024-05-14T16:54:27.926941Z PROXY-BO-01 irqbalance 36974 - - IRQ 154 affinity hint keeps vector on CPU 2 (virtio1-input)
<86>1 2024-05-14T17:00:24.715904Z PROXY-BO-01 sshd 1341811 - - pam_unix(sshd:session): session closed for user nina.kapoor
<86>1 2024-05-14T17:00:25.157671Z PROXY-BO-01 systemd-logind 38077 - - Removed session 82865.
<78>1 2024-05-14T17:01:00.117000Z PROXY-BO-01 CRON 1344362 - - (sysstat) CMD (command -v debian-sa1 > /dev/null && debian-sa1 1 1)
<30>1 2024-05-14T17:01:46.426568Z PROXY-BO-01 irqbalance 36974 - - IRQ 64 affinity hint keeps vector on CPU 3 (mlx5_comp0)
<30>1 2024-05-14T17:01:57.950725Z PROXY-BO-01 snapd 38085 - - snapmgr.go:523: refresh candidates checked for snapd-desktop-integration
<30>1 2024-05-14T17:02:40.162956Z PROXY-BO-01 irqbalance 36974 - - IRQ 24 classified for CPU 1 balancing on ens160
<30>1 2024-05-14T17:03:37.946966Z PROXY-BO-01 irqbalance 36974 - - IRQ 45 affinity hint keeps vector on CPU 0 (virtio0-input)
<30>1 2024-05-14T17:03:37.990565Z PROXY-BO-01 snapd 38085 - - autorefresh.go:540: auto-refresh for snapd-desktop-integration: no updates found
<30>1 2024-05-14T17:04:43.783938Z PROXY-BO-01 snapd 38085 - - snapmgr.go:523: refresh candidates checked for lxd
<30>1 2024-05-14T17:05:31.317626Z PROXY-BO-01 snapd 38085 - - snapmgr.go:523: refresh candidates checked for core20
<30>1 2024-05-14T17:05:51.840393Z PROXY-BO-01 snapd 38085 - - taskrunner.go:271: change 1423 task 5 done for snapd-desktop-integration
<30>1 2024-05-14T17:05:54.392008Z PROXY-BO-01 irqbalance 36974 - - IRQ 32 affinity hint keeps vector on CPU 2 (nvme0q1)
<30>1 2024-05-14T17:12:18.560442Z PROXY-BO-01 irqbalance 36974 - - NUMA node 0: balancing pass complete, 2 IRQs moved
<30>1 2024-05-14T17:17:00.473950Z PROXY-BO-01 irqbalance 36974 - - Skipping IRQ 137: banned by affinity mask 00000004 (ens192)
<30>1 2024-05-14T17:18:14.985155Z PROXY-BO-01 snapd 38085 - - taskrunner.go:271: change 1424 task 6 done for core22
<30>1 2024-05-14T17:26:07.321121Z PROXY-BO-01 snapd 38085 - - autorefresh.go:540: auto-refresh for microk8s: no updates found
<30>1 2024-05-14T17:26:51.996988Z PROXY-BO-01 snapd 38085 - - snapmgr.go:523: refresh candidates checked for lxd
<78>1 2024-05-14T17:31:00.073000Z PROXY-BO-01 CRON 1347827 - - (sysstat) CMD (command -v debian-sa1 > /dev/null && debian-sa1 1 1)
<30>1 2024-05-14T17:31:00.166624Z PROXY-BO-01 irqbalance 36974 - - Skipping IRQ 32: banned by affinity mask 00000008 (nvme0q1)
<30>1 2024-05-14T17:39:30.420037Z PROXY-BO-01 snapd 38085 - - stateengine.go:150: state ensure starting change 1430
<30>1 2024-05-14T17:39:32.030159Z PROXY-BO-01 snapd 38085 - - taskrunner.go:271: change 1425 task 5 done for lxd
<30>1 2024-05-14T17:40:02.896835Z PROXY-BO-01 irqbalance 36974 - - NUMA node 0: balancing pass complete, 2 IRQs moved
<30>1 2024-05-14T17:47:32.790772Z PROXY-BO-01 snapd 38085 - - autorefresh.go:540: auto-refresh for microk8s: no updates found
<30>1 2024-05-14T17:51:47.857732Z PROXY-BO-01 irqbalance 36974 - - IRQ 32 classified for CPU 2 balancing on nvme0q1
